// Jest Snapshot v1, https://goo.gl/fbAQLP

exports[`Pruebas en CustomProgessBar Debe hacer match con el snapshot 1`] = `
<div
  className="w-full bg-icon rounded-xl text-xs text-center text-white false"
>
  <div
    className="py-0.5 rounded-xl false progress bg-blue-500"
    style={
      Object {
        "width": "50%",
      }
    }
  >
    hold : 100
  </div>
</div>
`;
