// Jest Snapshot v1, https://goo.gl/fbAQLP

exports[`Pruebas de LisrCardManime Debe hacer match con Snapshot 1`] = `
<Fragment>
  <p
    className="text-center text-xl text-white"
  >
    <span
      className="bg-primary p-2 rounded-xl"
    >
      Manga
       Favorites
    </span>
  </p>
  <ul
    className="flex flex-wrap justify-center space-y-6 my-8"
  >
    <ManAnimeCard
      context="manga"
      key="1706"
      manAnime={
        Object {
          "image_url": "https://cdn.myanimelist.net/images/manga/3/179882.jpg?s=5c77b0059bc82990bab39002790802d4",
          "mal_id": 1706,
          "name": "JoJo no Kimyou na Bouken Part 7: Steel Ball Run",
          "url": "https://myanimelist.net/manga/1706/JoJo_no_Kimyou_na_Bouken_Part_7__Steel_Ball_Run",
        }
      }
    />
    <ManAnimeCard
      context="manga"
      key="2"
      manAnime={
        Object {
          "image_url": "https://cdn.myanimelist.net/images/manga/1/157897.jpg?s=8fb0808c48666aed744e94a2e67408c5",
          "mal_id": 2,
          "name": "Berserk",
          "url": "https://myanimelist.net/manga/2/Berserk",
        }
      }
    />
    <ManAnimeCard
      context="manga"
      key="768"
      manAnime={
        Object {
          "image_url": "https://cdn.myanimelist.net/images/manga/1/145619.jpg?s=5e2e7b1c23db307af7ffc87ee5e5040b",
          "mal_id": 768,
          "name": "Gunnm",
          "url": "https://myanimelist.net/manga/768/Gunnm",
        }
      }
    />
  </ul>
</Fragment>
`;
