// Jest Snapshot v1, https://goo.gl/fbAQLP

exports[`Pruebas en el componente ManAnimeCard Debe hacer match con el snapshot 1`] = `
<Fragment>
  <div
    className="flex rounded overflow-hidden shadow-lg"
  >
    <img
      alt="Kaguya-sama wa Kokurasetai: Tensai-tachi no Renai Zunousen"
      className="w-40 object-cover"
      src="https://cdn.myanimelist.net/images/manga/3/188896.jpg"
    />
    <div
      className="px-6 py-4"
    >
      <div
        className="font-bold text-xl text-custom-first mb-2 w-60"
      >
        Kaguya-sama wa Kokurasetai: Tensai-tachi no Renai Zunousen
      </div>
      <p
        className="text-gray-700 text-base text-custom-second flex flex-col space-y-2"
      >
        <span>
          Status :
           
          <span
            className="text-green-500"
          >
            Publishing
          </span>
        </span>
        <span>
          Rank : 
          15
        </span>
        <span>
          Mean Score : 
          8.93
        </span>
      </p>
    </div>
  </div>
</Fragment>
`;
